PHPUnit 11.5.46 by Sebastian Bergmann and contributors.

Runtime:       PHP 8.3.14
Configuration: C:\laravel\dirtech\phpunit.xml

.F....                                                              6 / 6 (100%)

Time: 00:07.537, Memory: 38.00 MB

There was 1 failure:

1) Tests\Feature\GeminiServiceTest::it_returns_error_when_api_key_is_missing
Failed asserting that true is false.

C:\laravel\dirtech\tests\Feature\GeminiServiceTest.php:60

FAILURES!
Tests: 6, Assertions: 11, Failures: 1, PHPUnit Deprecations: 6.
